(== (group (!= 94.0 30.0)) (group (>= (group (+ (- 85.0) 67.0)) (group (* 84.0 41.0)))))
