(group (/ (* 28.0 (- 77.0)) (group (* 21.0 94.0))))
