(>= (group (- 40.0 88.0)) (- (group (+ (/ 34.0 47.0) 30.0))))
