(/ (* (group (+ (- 49.0) 27.0)) (group (* 57.0 16.0))) (group (+ 48.0 63.0)))
