Animal speaks : Generic sound
Dog speaks : Woof
Puppy speaks : Woof
