foo: Starting
foo: Processing
foo: Finishing
foo: Extra line
baz: Failed!
baz: Retrying...
