Created multiple robots:
Robot instance
Robot instance
