Characters created in fantasy world:
Wizard instance
Dragon instance
The main character is:
Wizard instance
