Class declared inside function
Superhero
Function called successfully
