Inside block: Dinosaur exists
Dinosaur
Accessing out-of-scope class:
