onions
shallots
Base cooking ingredient
Derived cooking shallots with onions and shallots
