First:
1
5
5
First:
2
8
8
First:
3
12
12
First:
4
14
14
reset
Second:
1
3
3
Second:
2
5
5
