false
98
11
49

There should be an empty line above this.
()
non-ascii: ‡•ê
