Hero created:
Superhero instance
Hero created:
Superhero instance
Hero created:
Superhero instance
All heroes created!
