Root class
Root class
Root class
Method defined in Parent
Method defined in Parent
Method defined in Child
