inner bar
outer hello
global foo
outer bar
outer hello
global foo
global bar
global hello
global foo
