Times Superman was called: 
43
Times Batman was called: 
90
