modified world
inner quz
modified world
outer quz
