Vehicle instance
Car instance
Sedan instance
Truck instance
