teenager
eligible for voting: false
eligible for driving: learner's permit
supervised driving required
eligible for drinking (US): false
