IF if null
FOR for null
AND and null
OR or null
ELSE else null
FUN fun null
PRINT print null
IDENTIFIER ELSE null
IDENTIFIER THIS null
IDENTIFIER NIL null
THIS this null
IDENTIFIER AND null
FALSE false null
TRUE true null
CLASS class null
NIL nil null
IDENTIFIER FUN null
IDENTIFIER OR null
RETURN return null
IDENTIFIER FOR null
IDENTIFIER RETURN null
SUPER super null
IDENTIFIER SUPER null
IDENTIFIER WHILE null
WHILE while null
IDENTIFIER CLASS null
IDENTIFIER FALSE null
IDENTIFIER TRUE null
IDENTIFIER VAR null
IDENTIFIER IF null
VAR var null
IDENTIFIER PRINT null
EOF  null
