LEFT_PAREN ( null
LEFT_BRACE { null
LEFT_PAREN ( null
EQUAL_EQUAL == null
EQUAL = null
LESS < null
RIGHT_PAREN ) null
RIGHT_BRACE } null
RIGHT_PAREN ) null
EOF  null
