LEFT_PAREN ( null
LEFT_BRACE { null
DOT . null
RIGHT_BRACE } null
RIGHT_PAREN ) null
EOF  null
