LEFT_PAREN ( null
RIGHT_PAREN ) null
LEFT_BRACE { null
LESS_EQUAL <= null
LESS_EQUAL <= null
EQUAL = null
RIGHT_BRACE } null
EOF  null
