LEFT_BRACE { null
LEFT_PAREN ( null
SEMICOLON ; null
PLUS + null
COMMA , null
RIGHT_PAREN ) null
RIGHT_BRACE } null
EOF  null
