LEFT_BRACE { null
RIGHT_BRACE } null
LEFT_PAREN ( null
LEFT_PAREN ( null
LESS < null
MINUS - null
STAR * null
PLUS + null
RIGHT_PAREN ) null
RIGHT_PAREN ) null
EOF  null
