DOT . null
MINUS - null
SEMICOLON ; null
STAR * null
STAR * null
PLUS + null
MINUS - null
EOF  null
